0 info it worked if it ends with ok
1 verbose cli [ 'C:\\Program Files\\nodejs\\node.exe',
1 verbose cli   'C:\\Program Files\\nodejs\\node_modules\\npm\\bin\\npm-cli.js',
1 verbose cli   'install',
1 verbose cli   'node' ]
2 info using npm@3.10.10
3 info using node@v6.11.3
4 silly loadCurrentTree Starting
5 silly install loadCurrentTree
6 silly install readLocalPackageData
7 silly fetchPackageMetaData node
8 silly fetchNamedPackageData node
9 silly mapToRegistry name node
10 silly mapToRegistry using default registry
11 silly mapToRegistry registry https://registry.npmjs.org/
12 silly mapToRegistry data Result {
12 silly mapToRegistry   raw: 'node',
12 silly mapToRegistry   scope: null,
12 silly mapToRegistry   escapedName: 'node',
12 silly mapToRegistry   name: 'node',
12 silly mapToRegistry   rawSpec: '',
12 silly mapToRegistry   spec: 'latest',
12 silly mapToRegistry   type: 'tag' }
13 silly mapToRegistry uri https://registry.npmjs.org/node
14 verbose request uri https://registry.npmjs.org/node
15 verbose request no auth needed
16 info attempt registry request try #1 at 12:26:22 PM
17 verbose request using bearer token for auth
18 verbose request id e96c9d7ed4c43954
19 http request GET https://registry.npmjs.org/node
20 http 200 https://registry.npmjs.org/node
21 verbose headers { server: 'nginx/1.10.1',
21 verbose headers   'content-type': 'application/json',
21 verbose headers   'last-modified': 'Thu, 28 Sep 2017 22:13:50 GMT',
21 verbose headers   etag: 'W/"59cd741e-4e34a"',
21 verbose headers   'content-encoding': 'gzip',
21 verbose headers   'cache-control': 'max-age=300',
21 verbose headers   'transfer-encoding': 'chunked',
21 verbose headers   'accept-ranges': 'bytes',
21 verbose headers   date: 'Sat, 07 Oct 2017 16:26:24 GMT',
21 verbose headers   via: '1.1 varnish',
21 verbose headers   connection: 'keep-alive',
21 verbose headers   'x-served-by': 'cache-ewr18148-EWR',
21 verbose headers   'x-cache': 'MISS',
21 verbose headers   'x-cache-hits': '0',
21 verbose headers   'x-timer': 'S1507393584.473010,VS0,VE77',
21 verbose headers   vary: 'Accept-Encoding, Accept' }
22 silly get cb [ 200,
22 silly get   { server: 'nginx/1.10.1',
22 silly get     'content-type': 'application/json',
22 silly get     'last-modified': 'Thu, 28 Sep 2017 22:13:50 GMT',
22 silly get     etag: 'W/"59cd741e-4e34a"',
22 silly get     'content-encoding': 'gzip',
22 silly get     'cache-control': 'max-age=300',
22 silly get     'transfer-encoding': 'chunked',
22 silly get     'accept-ranges': 'bytes',
22 silly get     date: 'Sat, 07 Oct 2017 16:26:24 GMT',
22 silly get     via: '1.1 varnish',
22 silly get     connection: 'keep-alive',
22 silly get     'x-served-by': 'cache-ewr18148-EWR',
22 silly get     'x-cache': 'MISS',
22 silly get     'x-cache-hits': '0',
22 silly get     'x-timer': 'S1507393584.473010,VS0,VE77',
22 silly get     vary: 'Accept-Encoding, Accept' } ]
23 verbose get saving node to C:\Users\wrain\AppData\Roaming\npm-cache\registry.npmjs.org\node\.cache.json
24 verbose correctMkdir C:\Users\wrain\AppData\Roaming\npm-cache correctMkdir not in flight; initializing
25 silly install normalizeTree
26 silly loadCurrentTree Finishing
27 silly loadIdealTree Starting
28 silly install loadIdealTree
29 silly cloneCurrentTree Starting
30 silly install cloneCurrentTreeToIdealTree
31 silly cloneCurrentTree Finishing
32 silly loadShrinkwrap Starting
33 silly install loadShrinkwrap
34 silly loadShrinkwrap Finishing
35 silly loadAllDepsIntoIdealTree Starting
36 silly install loadAllDepsIntoIdealTree
37 silly resolveWithNewModule node@8.3.0 checking installable status
38 silly cache add args [ 'node', null ]
39 verbose cache add spec node
40 silly cache add parsed spec Result {
40 silly cache add   raw: 'node',
40 silly cache add   scope: null,
40 silly cache add   escapedName: 'node',
40 silly cache add   name: 'node',
40 silly cache add   rawSpec: '',
40 silly cache add   spec: 'latest',
40 silly cache add   type: 'tag' }
41 silly addNamed node@latest
42 verbose addNamed "latest" is being treated as a dist-tag for node
43 info addNameTag [ 'node', 'latest' ]
44 silly mapToRegistry name node
45 silly mapToRegistry using default registry
46 silly mapToRegistry registry https://registry.npmjs.org/
47 silly mapToRegistry data Result {
47 silly mapToRegistry   raw: 'node',
47 silly mapToRegistry   scope: null,
47 silly mapToRegistry   escapedName: 'node',
47 silly mapToRegistry   name: 'node',
47 silly mapToRegistry   rawSpec: '',
47 silly mapToRegistry   spec: 'latest',
47 silly mapToRegistry   type: 'tag' }
48 silly mapToRegistry uri https://registry.npmjs.org/node
49 verbose addNameTag registry:https://registry.npmjs.org/node not in flight; fetching
50 verbose get https://registry.npmjs.org/node not expired, no request
51 silly addNameTag next cb for node with tag latest
52 silly addNamed node@8.3.0
53 verbose addNamed "8.3.0" is a plain semver version for node
54 silly mapToRegistry name node
55 silly mapToRegistry using default registry
56 silly mapToRegistry registry https://registry.npmjs.org/
57 silly mapToRegistry data Result {
57 silly mapToRegistry   raw: 'node',
57 silly mapToRegistry   scope: null,
57 silly mapToRegistry   escapedName: 'node',
57 silly mapToRegistry   name: 'node',
57 silly mapToRegistry   rawSpec: '',
57 silly mapToRegistry   spec: 'latest',
57 silly mapToRegistry   type: 'tag' }
58 silly mapToRegistry uri https://registry.npmjs.org/node
59 verbose addRemoteTarball https://registry.npmjs.org/node/-/node-8.3.0.tgz not in flight; adding
60 verbose addRemoteTarball [ 'https://registry.npmjs.org/node/-/node-8.3.0.tgz',
60 verbose addRemoteTarball   '478e84ffcc4be39938306ace1c4613c8231e5f44' ]
61 info retry fetch attempt 1 at 12:26:22 PM
62 info attempt registry request try #1 at 12:26:22 PM
63 http fetch GET https://registry.npmjs.org/node/-/node-8.3.0.tgz
64 verbose request using bearer token for auth
65 http fetch 200 https://registry.npmjs.org/node/-/node-8.3.0.tgz
66 silly fetchAndShaCheck shasum 478e84ffcc4be39938306ace1c4613c8231e5f44
67 verbose addTmpTarball C:\Users\wrain\AppData\Local\Temp\npm-14880-5a6be00a\registry.npmjs.org\node\-\node-8.3.0.tgz not in flight; adding
68 verbose addTmpTarball already have metadata; skipping unpack for node@8.3.0
69 verbose correctMkdir C:\Users\wrain\AppData\Roaming\npm-cache correctMkdir not in flight; initializing
70 silly cache afterAdd node@8.3.0
71 verbose afterAdd C:\Users\wrain\AppData\Roaming\npm-cache\node\8.3.0\package\package.json not in flight; writing
72 verbose correctMkdir C:\Users\wrain\AppData\Roaming\npm-cache correctMkdir not in flight; initializing
73 verbose afterAdd C:\Users\wrain\AppData\Roaming\npm-cache\node\8.3.0\package\package.json written
74 silly fetchNamedPackageData node-bin-setup
75 silly mapToRegistry name node-bin-setup
76 silly mapToRegistry using default registry
77 silly mapToRegistry registry https://registry.npmjs.org/
78 silly mapToRegistry data Result {
78 silly mapToRegistry   raw: 'node-bin-setup',
78 silly mapToRegistry   scope: null,
78 silly mapToRegistry   escapedName: 'node-bin-setup',
78 silly mapToRegistry   name: 'node-bin-setup',
78 silly mapToRegistry   rawSpec: '',
78 silly mapToRegistry   spec: 'latest',
78 silly mapToRegistry   type: 'tag' }
79 silly mapToRegistry uri https://registry.npmjs.org/node-bin-setup
80 verbose request uri https://registry.npmjs.org/node-bin-setup
81 verbose request no auth needed
82 info attempt registry request try #1 at 12:26:22 PM
83 verbose request using bearer token for auth
84 http request GET https://registry.npmjs.org/node-bin-setup
85 http 200 https://registry.npmjs.org/node-bin-setup
86 verbose headers { server: 'nginx/1.10.1',
86 verbose headers   'content-type': 'application/json',
86 verbose headers   'last-modified': 'Tue, 25 Jul 2017 03:32:58 GMT',
86 verbose headers   etag: 'W/"5976bbea-1511"',
86 verbose headers   'content-encoding': 'gzip',
86 verbose headers   'cache-control': 'max-age=300',
86 verbose headers   'transfer-encoding': 'chunked',
86 verbose headers   'accept-ranges': 'bytes',
86 verbose headers   date: 'Sat, 07 Oct 2017 16:26:24 GMT',
86 verbose headers   via: '1.1 varnish',
86 verbose headers   connection: 'keep-alive',
86 verbose headers   'x-served-by': 'cache-ewr18148-EWR',
86 verbose headers   'x-cache': 'MISS',
86 verbose headers   'x-cache-hits': '0',
86 verbose headers   'x-timer': 'S1507393585.837993,VS0,VE7',
86 verbose headers   vary: 'Accept-Encoding, Accept' }
87 silly get cb [ 200,
87 silly get   { server: 'nginx/1.10.1',
87 silly get     'content-type': 'application/json',
87 silly get     'last-modified': 'Tue, 25 Jul 2017 03:32:58 GMT',
87 silly get     etag: 'W/"5976bbea-1511"',
87 silly get     'content-encoding': 'gzip',
87 silly get     'cache-control': 'max-age=300',
87 silly get     'transfer-encoding': 'chunked',
87 silly get     'accept-ranges': 'bytes',
87 silly get     date: 'Sat, 07 Oct 2017 16:26:24 GMT',
87 silly get     via: '1.1 varnish',
87 silly get     connection: 'keep-alive',
87 silly get     'x-served-by': 'cache-ewr18148-EWR',
87 silly get     'x-cache': 'MISS',
87 silly get     'x-cache-hits': '0',
87 silly get     'x-timer': 'S1507393585.837993,VS0,VE7',
87 silly get     vary: 'Accept-Encoding, Accept' } ]
88 verbose get saving node-bin-setup to C:\Users\wrain\AppData\Roaming\npm-cache\registry.npmjs.org\node-bin-setup\.cache.json
89 verbose correctMkdir C:\Users\wrain\AppData\Roaming\npm-cache correctMkdir not in flight; initializing
90 silly resolveWithNewModule node-bin-setup@1.0.6 checking installable status
91 silly cache add args [ 'node-bin-setup@^1.0.0', null ]
92 verbose cache add spec node-bin-setup@^1.0.0
93 silly cache add parsed spec Result {
93 silly cache add   raw: 'node-bin-setup@^1.0.0',
93 silly cache add   scope: null,
93 silly cache add   escapedName: 'node-bin-setup',
93 silly cache add   name: 'node-bin-setup',
93 silly cache add   rawSpec: '^1.0.0',
93 silly cache add   spec: '>=1.0.0 <2.0.0',
93 silly cache add   type: 'range' }
94 silly addNamed node-bin-setup@>=1.0.0 <2.0.0
95 verbose addNamed ">=1.0.0 <2.0.0" is a valid semver range for node-bin-setup
96 silly addNameRange { name: 'node-bin-setup',
96 silly addNameRange   range: '>=1.0.0 <2.0.0',
96 silly addNameRange   hasData: false }
97 silly mapToRegistry name node-bin-setup
98 silly mapToRegistry using default registry
99 silly mapToRegistry registry https://registry.npmjs.org/
100 silly mapToRegistry data Result {
100 silly mapToRegistry   raw: 'node-bin-setup',
100 silly mapToRegistry   scope: null,
100 silly mapToRegistry   escapedName: 'node-bin-setup',
100 silly mapToRegistry   name: 'node-bin-setup',
100 silly mapToRegistry   rawSpec: '',
100 silly mapToRegistry   spec: 'latest',
100 silly mapToRegistry   type: 'tag' }
101 silly mapToRegistry uri https://registry.npmjs.org/node-bin-setup
102 verbose addNameRange registry:https://registry.npmjs.org/node-bin-setup not in flight; fetching
103 verbose get https://registry.npmjs.org/node-bin-setup not expired, no request
104 silly addNameRange number 2 { name: 'node-bin-setup',
104 silly addNameRange   range: '>=1.0.0 <2.0.0',
104 silly addNameRange   hasData: true }
105 silly addNameRange versions [ 'node-bin-setup',
105 silly addNameRange   [ '1.0.0', '1.0.1', '1.0.2', '1.0.3', '1.0.4', '1.0.6' ] ]
106 silly addNamed node-bin-setup@1.0.6
107 verbose addNamed "1.0.6" is a plain semver version for node-bin-setup
108 silly mapToRegistry name node-bin-setup
109 silly mapToRegistry using default registry
110 silly mapToRegistry registry https://registry.npmjs.org/
111 silly mapToRegistry data Result {
111 silly mapToRegistry   raw: 'node-bin-setup',
111 silly mapToRegistry   scope: null,
111 silly mapToRegistry   escapedName: 'node-bin-setup',
111 silly mapToRegistry   name: 'node-bin-setup',
111 silly mapToRegistry   rawSpec: '',
111 silly mapToRegistry   spec: 'latest',
111 silly mapToRegistry   type: 'tag' }
112 silly mapToRegistry uri https://registry.npmjs.org/node-bin-setup
113 verbose addRemoteTarball https://registry.npmjs.org/node-bin-setup/-/node-bin-setup-1.0.6.tgz not in flight; adding
114 verbose addRemoteTarball [ 'https://registry.npmjs.org/node-bin-setup/-/node-bin-setup-1.0.6.tgz',
114 verbose addRemoteTarball   '4b5c9bb937ece702d7069b36ca78af4684677528' ]
115 info retry fetch attempt 1 at 12:26:22 PM
116 info attempt registry request try #1 at 12:26:22 PM
117 http fetch GET https://registry.npmjs.org/node-bin-setup/-/node-bin-setup-1.0.6.tgz
118 verbose request using bearer token for auth
119 http fetch 200 https://registry.npmjs.org/node-bin-setup/-/node-bin-setup-1.0.6.tgz
120 silly fetchAndShaCheck shasum 4b5c9bb937ece702d7069b36ca78af4684677528
121 verbose addTmpTarball C:\Users\wrain\AppData\Local\Temp\npm-14880-5a6be00a\registry.npmjs.org\node-bin-setup\-\node-bin-setup-1.0.6.tgz not in flight; adding
122 verbose addTmpTarball already have metadata; skipping unpack for node-bin-setup@1.0.6
123 verbose correctMkdir C:\Users\wrain\AppData\Roaming\npm-cache correctMkdir not in flight; initializing
124 silly cache afterAdd node-bin-setup@1.0.6
125 verbose afterAdd C:\Users\wrain\AppData\Roaming\npm-cache\node-bin-setup\1.0.6\package\package.json not in flight; writing
126 verbose correctMkdir C:\Users\wrain\AppData\Roaming\npm-cache correctMkdir not in flight; initializing
127 verbose afterAdd C:\Users\wrain\AppData\Roaming\npm-cache\node-bin-setup\1.0.6\package\package.json written
128 silly loadAllDepsIntoIdealTree Finishing
129 silly loadIdealTree Finishing
130 silly currentTree liri-node-app@1.0.0
130 silly currentTree +-- accepts@1.3.4
130 silly currentTree +-- ajv@5.2.3
130 silly currentTree +-- amdefine@1.0.1
130 silly currentTree +-- ansi-escapes@3.0.0
130 silly currentTree +-- ansi-regex@3.0.0
130 silly currentTree +-- ansi-styles@3.2.0
130 silly currentTree +-- array-flatten@1.1.1
130 silly currentTree +-- asn1@0.2.3
130 silly currentTree +-- assert-plus@1.0.0
130 silly currentTree +-- async@0.2.10
130 silly currentTree +-- asynckit@0.4.0
130 silly currentTree +-- aws-sign2@0.7.0
130 silly currentTree +-- aws4@1.6.0
130 silly currentTree +-- balanced-match@1.0.0
130 silly currentTree +-- bcrypt-pbkdf@1.0.1
130 silly currentTree +-- bluebird@3.5.1
130 silly currentTree +-- body-parser@1.18.2
130 silly currentTree +-- boom@4.3.1
130 silly currentTree +-- brace-expansion@1.1.8
130 silly currentTree +-- bytes@3.0.0
130 silly currentTree +-- caseless@0.12.0
130 silly currentTree +-- chalk@2.1.0
130 silly currentTree +-- child_process@1.0.2
130 silly currentTree +-- cli-cursor@2.1.0
130 silly currentTree +-- cli-width@2.2.0
130 silly currentTree +-- co@4.6.0
130 silly currentTree +-- color-convert@1.9.0
130 silly currentTree +-- color-name@1.1.3
130 silly currentTree +-- combined-stream@1.0.5
130 silly currentTree +-- concat-map@0.0.1
130 silly currentTree +-- content-disposition@0.5.2
130 silly currentTree +-- content-type@1.0.4
130 silly currentTree +-- cookie-signature@1.0.6
130 silly currentTree +-- cookie@0.3.1
130 silly currentTree +-- core-util-is@1.0.2
130 silly currentTree +-- cryptiles@3.1.2
130 silly currentTree | `-- boom@5.2.0
130 silly currentTree +-- dashdash@1.14.1
130 silly currentTree +-- debug@2.6.9
130 silly currentTree +-- deep-equal@1.0.1
130 silly currentTree +-- deep-extend@0.5.0
130 silly currentTree +-- define-properties@1.1.2
130 silly currentTree +-- defined@1.0.0
130 silly currentTree +-- delayed-stream@1.0.0
130 silly currentTree +-- depd@1.1.1
130 silly currentTree +-- destroy@1.0.4
130 silly currentTree +-- ecc-jsbn@0.1.1
130 silly currentTree +-- ee-first@1.1.1
130 silly currentTree +-- encodeurl@1.0.1
130 silly currentTree +-- es-abstract@1.9.0
130 silly currentTree +-- es-to-primitive@1.1.1
130 silly currentTree +-- escape-html@1.0.3
130 silly currentTree +-- escape-string-regexp@1.0.5
130 silly currentTree +-- etag@1.8.1
130 silly currentTree +-- express@4.16.1
130 silly currentTree +-- extend@3.0.1
130 silly currentTree +-- external-editor@2.0.5
130 silly currentTree +-- extsprintf@1.3.0
130 silly currentTree +-- fast-deep-equal@1.0.0
130 silly currentTree +-- figures@2.0.0
130 silly currentTree +-- finalhandler@1.1.0
130 silly currentTree +-- for-each@0.3.2
130 silly currentTree +-- foreach@2.0.5
130 silly currentTree +-- forever-agent@0.6.1
130 silly currentTree +-- form-data@2.3.1
130 silly currentTree +-- forwarded@0.1.2
130 silly currentTree +-- fresh@0.5.2
130 silly currentTree +-- fs.realpath@1.0.0
130 silly currentTree +-- fs@0.0.1-security
130 silly currentTree +-- function-bind@1.1.1
130 silly currentTree +-- getpass@0.1.7
130 silly currentTree +-- glob@7.1.2
130 silly currentTree +-- har-schema@2.0.0
130 silly currentTree +-- har-validator@5.0.3
130 silly currentTree +-- has-flag@2.0.0
130 silly currentTree +-- has@1.0.1
130 silly currentTree +-- hawk@6.0.2
130 silly currentTree +-- hoek@4.2.0
130 silly currentTree +-- http-errors@1.6.2
130 silly currentTree | `-- setprototypeof@1.0.3
130 silly currentTree +-- http-signature@1.2.0
130 silly currentTree +-- iconv-lite@0.4.19
130 silly currentTree +-- inflight@1.0.6
130 silly currentTree +-- inherits@2.0.3
130 silly currentTree +-- inquirer@3.3.0
130 silly currentTree +-- ipaddr.js@1.5.2
130 silly currentTree +-- is-callable@1.1.3
130 silly currentTree +-- is-date-object@1.0.1
130 silly currentTree +-- is-fullwidth-code-point@2.0.0
130 silly currentTree +-- is-function@1.0.1
130 silly currentTree +-- is-promise@2.1.0
130 silly currentTree +-- is-regex@1.0.4
130 silly currentTree +-- is-symbol@1.0.1
130 silly currentTree +-- is-typedarray@1.0.0
130 silly currentTree +-- isstream@0.1.2
130 silly currentTree +-- jsbn@0.1.1
130 silly currentTree +-- jschardet@1.5.1
130 silly currentTree +-- json-schema-traverse@0.3.1
130 silly currentTree +-- json-schema@0.2.3
130 silly currentTree +-- json-stable-stringify@1.0.1
130 silly currentTree +-- json-stringify-safe@5.0.1
130 silly currentTree +-- jsonify@0.0.0
130 silly currentTree +-- jsprim@1.4.1
130 silly currentTree +-- lodash@4.17.4
130 silly currentTree +-- media-typer@0.3.0
130 silly currentTree +-- merge-descriptors@1.0.1
130 silly currentTree +-- methods@1.1.2
130 silly currentTree +-- mime-db@1.30.0
130 silly currentTree +-- mime-types@2.1.17
130 silly currentTree +-- mime@1.4.1
130 silly currentTree +-- mimic-fn@1.1.0
130 silly currentTree +-- minimatch@3.0.4
130 silly currentTree +-- minimist@1.2.0
130 silly currentTree +-- moment@2.18.1
130 silly currentTree +-- ms@2.0.0
130 silly currentTree +-- mute-stream@0.0.7
130 silly currentTree +-- negotiator@0.6.1
130 silly currentTree +-- node-spotify-api@1.0.7
130 silly currentTree +-- nuevo-llaves-rcbc@1.3.0
130 silly currentTree +-- oauth-sign@0.8.2
130 silly currentTree +-- object-inspect@1.3.0
130 silly currentTree +-- object-keys@1.0.11
130 silly currentTree +-- on-finished@2.3.0
130 silly currentTree +-- once@1.4.0
130 silly currentTree +-- onetime@2.0.1
130 silly currentTree +-- optimist@0.3.7
130 silly currentTree +-- os-tmpdir@1.0.2
130 silly currentTree +-- parseurl@1.3.2
130 silly currentTree +-- path-is-absolute@1.0.1
130 silly currentTree +-- path-parse@1.0.5
130 silly currentTree +-- path-to-regexp@0.1.7
130 silly currentTree +-- performance-now@2.1.0
130 silly currentTree +-- proxy-addr@2.0.2
130 silly currentTree +-- punycode@1.4.1
130 silly currentTree +-- qs@6.5.1
130 silly currentTree +-- range-parser@1.2.0
130 silly currentTree +-- raw-body@2.3.2
130 silly currentTree +-- request-promise-core@1.1.1
130 silly currentTree +-- request-promise@4.2.2
130 silly currentTree +-- request@2.83.0
130 silly currentTree +-- require@2.4.20
130 silly currentTree +-- resolve@1.4.0
130 silly currentTree +-- restore-cursor@2.0.0
130 silly currentTree +-- resumer@0.0.0
130 silly currentTree +-- run-async@2.3.0
130 silly currentTree +-- rx-lite-aggregates@4.0.8
130 silly currentTree +-- rx-lite@4.0.8
130 silly currentTree +-- safe-buffer@5.1.1
130 silly currentTree +-- send@0.16.1
130 silly currentTree +-- serve-static@1.13.1
130 silly currentTree +-- setprototypeof@1.1.0
130 silly currentTree +-- signal-exit@3.0.2
130 silly currentTree +-- sntp@2.0.2
130 silly currentTree +-- source-map@0.1.43
130 silly currentTree +-- sshpk@1.13.1
130 silly currentTree +-- statuses@1.3.1
130 silly currentTree +-- std@0.1.40
130 silly currentTree +-- stealthy-require@1.1.1
130 silly currentTree +-- string-width@2.1.1
130 silly currentTree +-- string.prototype.trim@1.1.2
130 silly currentTree +-- stringstream@0.0.5
130 silly currentTree +-- strip-ansi@4.0.0
130 silly currentTree +-- supports-color@4.4.0
130 silly currentTree +-- tape@4.8.0
130 silly currentTree +-- through@2.3.8
130 silly currentTree +-- tmp@0.0.33
130 silly currentTree +-- tough-cookie@2.3.3
130 silly currentTree +-- tunnel-agent@0.6.0
130 silly currentTree +-- tweetnacl@0.14.5
130 silly currentTree +-- twitter@1.7.1
130 silly currentTree +-- type-is@1.6.15
130 silly currentTree +-- uglify-js@2.3.0
130 silly currentTree +-- unpipe@1.0.0
130 silly currentTree +-- utils-merge@1.0.1
130 silly currentTree +-- uuid@3.1.0
130 silly currentTree +-- vary@1.1.2
130 silly currentTree +-- verror@1.10.0
130 silly currentTree +-- wordwrap@0.0.3
130 silly currentTree `-- wrappy@1.0.2
131 silly idealTree liri-node-app@1.0.0
131 silly idealTree +-- accepts@1.3.4
131 silly idealTree +-- ajv@5.2.3
131 silly idealTree +-- amdefine@1.0.1
131 silly idealTree +-- ansi-escapes@3.0.0
131 silly idealTree +-- ansi-regex@3.0.0
131 silly idealTree +-- ansi-styles@3.2.0
131 silly idealTree +-- array-flatten@1.1.1
131 silly idealTree +-- asn1@0.2.3
131 silly idealTree +-- assert-plus@1.0.0
131 silly idealTree +-- async@0.2.10
131 silly idealTree +-- asynckit@0.4.0
131 silly idealTree +-- aws-sign2@0.7.0
131 silly idealTree +-- aws4@1.6.0
131 silly idealTree +-- balanced-match@1.0.0
131 silly idealTree +-- bcrypt-pbkdf@1.0.1
131 silly idealTree +-- bluebird@3.5.1
131 silly idealTree +-- body-parser@1.18.2
131 silly idealTree +-- boom@4.3.1
131 silly idealTree +-- brace-expansion@1.1.8
131 silly idealTree +-- bytes@3.0.0
131 silly idealTree +-- caseless@0.12.0
131 silly idealTree +-- chalk@2.1.0
131 silly idealTree +-- child_process@1.0.2
131 silly idealTree +-- cli-cursor@2.1.0
131 silly idealTree +-- cli-width@2.2.0
131 silly idealTree +-- co@4.6.0
131 silly idealTree +-- color-convert@1.9.0
131 silly idealTree +-- color-name@1.1.3
131 silly idealTree +-- combined-stream@1.0.5
131 silly idealTree +-- concat-map@0.0.1
131 silly idealTree +-- content-disposition@0.5.2
131 silly idealTree +-- content-type@1.0.4
131 silly idealTree +-- cookie-signature@1.0.6
131 silly idealTree +-- cookie@0.3.1
131 silly idealTree +-- core-util-is@1.0.2
131 silly idealTree +-- cryptiles@3.1.2
131 silly idealTree | `-- boom@5.2.0
131 silly idealTree +-- dashdash@1.14.1
131 silly idealTree +-- debug@2.6.9
131 silly idealTree +-- deep-equal@1.0.1
131 silly idealTree +-- deep-extend@0.5.0
131 silly idealTree +-- define-properties@1.1.2
131 silly idealTree +-- defined@1.0.0
131 silly idealTree +-- delayed-stream@1.0.0
131 silly idealTree +-- depd@1.1.1
131 silly idealTree +-- destroy@1.0.4
131 silly idealTree +-- ecc-jsbn@0.1.1
131 silly idealTree +-- ee-first@1.1.1
131 silly idealTree +-- encodeurl@1.0.1
131 silly idealTree +-- es-abstract@1.9.0
131 silly idealTree +-- es-to-primitive@1.1.1
131 silly idealTree +-- escape-html@1.0.3
131 silly idealTree +-- escape-string-regexp@1.0.5
131 silly idealTree +-- etag@1.8.1
131 silly idealTree +-- express@4.16.1
131 silly idealTree +-- extend@3.0.1
131 silly idealTree +-- external-editor@2.0.5
131 silly idealTree +-- extsprintf@1.3.0
131 silly idealTree +-- fast-deep-equal@1.0.0
131 silly idealTree +-- figures@2.0.0
131 silly idealTree +-- finalhandler@1.1.0
131 silly idealTree +-- for-each@0.3.2
131 silly idealTree +-- foreach@2.0.5
131 silly idealTree +-- forever-agent@0.6.1
131 silly idealTree +-- form-data@2.3.1
131 silly idealTree +-- forwarded@0.1.2
131 silly idealTree +-- fresh@0.5.2
131 silly idealTree +-- fs.realpath@1.0.0
131 silly idealTree +-- fs@0.0.1-security
131 silly idealTree +-- function-bind@1.1.1
131 silly idealTree +-- getpass@0.1.7
131 silly idealTree +-- glob@7.1.2
131 silly idealTree +-- har-schema@2.0.0
131 silly idealTree +-- har-validator@5.0.3
131 silly idealTree +-- has-flag@2.0.0
131 silly idealTree +-- has@1.0.1
131 silly idealTree +-- hawk@6.0.2
131 silly idealTree +-- hoek@4.2.0
131 silly idealTree +-- http-errors@1.6.2
131 silly idealTree | `-- setprototypeof@1.0.3
131 silly idealTree +-- http-signature@1.2.0
131 silly idealTree +-- iconv-lite@0.4.19
131 silly idealTree +-- inflight@1.0.6
131 silly idealTree +-- inherits@2.0.3
131 silly idealTree +-- inquirer@3.3.0
131 silly idealTree +-- ipaddr.js@1.5.2
131 silly idealTree +-- is-callable@1.1.3
131 silly idealTree +-- is-date-object@1.0.1
131 silly idealTree +-- is-fullwidth-code-point@2.0.0
131 silly idealTree +-- is-function@1.0.1
131 silly idealTree +-- is-promise@2.1.0
131 silly idealTree +-- is-regex@1.0.4
131 silly idealTree +-- is-symbol@1.0.1
131 silly idealTree +-- is-typedarray@1.0.0
131 silly idealTree +-- isstream@0.1.2
131 silly idealTree +-- jsbn@0.1.1
131 silly idealTree +-- jschardet@1.5.1
131 silly idealTree +-- json-schema-traverse@0.3.1
131 silly idealTree +-- json-schema@0.2.3
131 silly idealTree +-- json-stable-stringify@1.0.1
131 silly idealTree +-- json-stringify-safe@5.0.1
131 silly idealTree +-- jsonify@0.0.0
131 silly idealTree +-- jsprim@1.4.1
131 silly idealTree +-- lodash@4.17.4
131 silly idealTree +-- media-typer@0.3.0
131 silly idealTree +-- merge-descriptors@1.0.1
131 silly idealTree +-- methods@1.1.2
131 silly idealTree +-- mime-db@1.30.0
131 silly idealTree +-- mime-types@2.1.17
131 silly idealTree +-- mime@1.4.1
131 silly idealTree +-- mimic-fn@1.1.0
131 silly idealTree +-- minimatch@3.0.4
131 silly idealTree +-- minimist@1.2.0
131 silly idealTree +-- moment@2.18.1
131 silly idealTree +-- ms@2.0.0
131 silly idealTree +-- mute-stream@0.0.7
131 silly idealTree +-- negotiator@0.6.1
131 silly idealTree +-- node-bin-setup@1.0.6
131 silly idealTree +-- node-spotify-api@1.0.7
131 silly idealTree +-- node@8.3.0
131 silly idealTree +-- nuevo-llaves-rcbc@1.3.0
131 silly idealTree +-- oauth-sign@0.8.2
131 silly idealTree +-- object-inspect@1.3.0
131 silly idealTree +-- object-keys@1.0.11
131 silly idealTree +-- on-finished@2.3.0
131 silly idealTree +-- once@1.4.0
131 silly idealTree +-- onetime@2.0.1
131 silly idealTree +-- optimist@0.3.7
131 silly idealTree +-- os-tmpdir@1.0.2
131 silly idealTree +-- parseurl@1.3.2
131 silly idealTree +-- path-is-absolute@1.0.1
131 silly idealTree +-- path-parse@1.0.5
131 silly idealTree +-- path-to-regexp@0.1.7
131 silly idealTree +-- performance-now@2.1.0
131 silly idealTree +-- proxy-addr@2.0.2
131 silly idealTree +-- punycode@1.4.1
131 silly idealTree +-- qs@6.5.1
131 silly idealTree +-- range-parser@1.2.0
131 silly idealTree +-- raw-body@2.3.2
131 silly idealTree +-- request-promise-core@1.1.1
131 silly idealTree +-- request-promise@4.2.2
131 silly idealTree +-- request@2.83.0
131 silly idealTree +-- require@2.4.20
131 silly idealTree +-- resolve@1.4.0
131 silly idealTree +-- restore-cursor@2.0.0
131 silly idealTree +-- resumer@0.0.0
131 silly idealTree +-- run-async@2.3.0
131 silly idealTree +-- rx-lite-aggregates@4.0.8
131 silly idealTree +-- rx-lite@4.0.8
131 silly idealTree +-- safe-buffer@5.1.1
131 silly idealTree +-- send@0.16.1
131 silly idealTree +-- serve-static@1.13.1
131 silly idealTree +-- setprototypeof@1.1.0
131 silly idealTree +-- signal-exit@3.0.2
131 silly idealTree +-- sntp@2.0.2
131 silly idealTree +-- source-map@0.1.43
131 silly idealTree +-- sshpk@1.13.1
131 silly idealTree +-- statuses@1.3.1
131 silly idealTree +-- std@0.1.40
131 silly idealTree +-- stealthy-require@1.1.1
131 silly idealTree +-- string-width@2.1.1
131 silly idealTree +-- string.prototype.trim@1.1.2
131 silly idealTree +-- stringstream@0.0.5
131 silly idealTree +-- strip-ansi@4.0.0
131 silly idealTree +-- supports-color@4.4.0
131 silly idealTree +-- tape@4.8.0
131 silly idealTree +-- through@2.3.8
131 silly idealTree +-- tmp@0.0.33
131 silly idealTree +-- tough-cookie@2.3.3
131 silly idealTree +-- tunnel-agent@0.6.0
131 silly idealTree +-- tweetnacl@0.14.5
131 silly idealTree +-- twitter@1.7.1
131 silly idealTree +-- type-is@1.6.15
131 silly idealTree +-- uglify-js@2.3.0
131 silly idealTree +-- unpipe@1.0.0
131 silly idealTree +-- utils-merge@1.0.1
131 silly idealTree +-- uuid@3.1.0
131 silly idealTree +-- vary@1.1.2
131 silly idealTree +-- verror@1.10.0
131 silly idealTree +-- wordwrap@0.0.3
131 silly idealTree `-- wrappy@1.0.2
132 silly generateActionsToTake Starting
133 silly install generateActionsToTake
134 silly generateActionsToTake Finishing
135 silly diffTrees action count 2
136 silly diffTrees add node-bin-setup@1.0.6
137 silly diffTrees add node@8.3.0
138 silly decomposeActions action count 16
139 silly decomposeActions fetch node-bin-setup@1.0.6
140 silly decomposeActions extract node-bin-setup@1.0.6
141 silly decomposeActions test node-bin-setup@1.0.6
142 silly decomposeActions preinstall node-bin-setup@1.0.6
143 silly decomposeActions build node-bin-setup@1.0.6
144 silly decomposeActions install node-bin-setup@1.0.6
145 silly decomposeActions postinstall node-bin-setup@1.0.6
146 silly decomposeActions finalize node-bin-setup@1.0.6
147 silly decomposeActions fetch node@8.3.0
148 silly decomposeActions extract node@8.3.0
149 silly decomposeActions test node@8.3.0
150 silly decomposeActions preinstall node@8.3.0
151 silly decomposeActions build node@8.3.0
152 silly decomposeActions install node@8.3.0
153 silly decomposeActions postinstall node@8.3.0
154 silly decomposeActions finalize node@8.3.0
155 silly runTopLevelLifecycles Starting
156 silly executeActions Starting
157 silly install executeActions
158 silly doSerial global-install 0
159 silly doParallel fetch 2
160 verbose correctMkdir C:\Users\wrain\AppData\Roaming\npm-cache\_locks correctMkdir not in flight; initializing
161 verbose lock using C:\Users\wrain\AppData\Roaming\npm-cache\_locks\staging-f960b290c6f7191b.lock for C:\Users\wrain\Qsync\RCBC\homework\homework.8\liri-node-app\node_modules\.staging
162 silly doParallel extract 2
163 silly extract node-bin-setup@1.0.6
164 silly extract node@8.3.0
165 verbose unbuild node_modules\.staging\node-bin-setup-fa89f559
166 verbose unbuild node_modules\.staging\node-67c9ca3c
167 silly gentlyRm C:\Users\wrain\Qsync\RCBC\homework\homework.8\liri-node-app\node_modules\.staging\node-bin-setup-fa89f559 is being purged from base C:\Users\wrain\Qsync\RCBC\homework\homework.8\liri-node-app
168 verbose gentlyRm don't care about contents; nuking C:\Users\wrain\Qsync\RCBC\homework\homework.8\liri-node-app\node_modules\.staging\node-bin-setup-fa89f559
169 silly gentlyRm C:\Users\wrain\Qsync\RCBC\homework\homework.8\liri-node-app\node_modules\.staging\node-67c9ca3c is being purged from base C:\Users\wrain\Qsync\RCBC\homework\homework.8\liri-node-app
170 verbose gentlyRm don't care about contents; nuking C:\Users\wrain\Qsync\RCBC\homework\homework.8\liri-node-app\node_modules\.staging\node-67c9ca3c
171 verbose tar unpack C:\Users\wrain\AppData\Roaming\npm-cache\node-bin-setup\1.0.6\package.tgz
172 verbose tar unpacking to C:\Users\wrain\Qsync\RCBC\homework\homework.8\liri-node-app\node_modules\.staging\node-bin-setup-fa89f559
173 silly gentlyRm C:\Users\wrain\Qsync\RCBC\homework\homework.8\liri-node-app\node_modules\.staging\node-bin-setup-fa89f559 is being purged
174 verbose gentlyRm don't care about contents; nuking C:\Users\wrain\Qsync\RCBC\homework\homework.8\liri-node-app\node_modules\.staging\node-bin-setup-fa89f559
175 verbose tar unpack C:\Users\wrain\AppData\Roaming\npm-cache\node\8.3.0\package.tgz
176 verbose tar unpacking to C:\Users\wrain\Qsync\RCBC\homework\homework.8\liri-node-app\node_modules\.staging\node-67c9ca3c
177 silly gentlyRm C:\Users\wrain\Qsync\RCBC\homework\homework.8\liri-node-app\node_modules\.staging\node-67c9ca3c is being purged
178 verbose gentlyRm don't care about contents; nuking C:\Users\wrain\Qsync\RCBC\homework\homework.8\liri-node-app\node_modules\.staging\node-67c9ca3c
179 silly gunzTarPerm modes [ '777', '666' ]
180 silly gunzTarPerm modes [ '777', '666' ]
181 silly gunzTarPerm extractEntry package.json
182 silly gunzTarPerm modified mode [ 'package.json', 420, 438 ]
183 silly gunzTarPerm extractEntry package.json
184 silly gunzTarPerm modified mode [ 'package.json', 420, 438 ]
185 silly gunzTarPerm extractEntry index.js
186 silly gunzTarPerm modified mode [ 'index.js', 420, 438 ]
187 silly gunzTarPerm extractEntry README.md
188 silly gunzTarPerm modified mode [ 'README.md', 420, 438 ]
189 silly gunzTarPerm extractEntry installArchSpecificPackage.js
190 silly gunzTarPerm modified mode [ 'installArchSpecificPackage.js', 420, 438 ]
191 silly gentlyRm C:\Users\wrain\Qsync\RCBC\homework\homework.8\liri-node-app\node_modules\.staging\node-bin-setup-fa89f559\node_modules is being purged
192 verbose gentlyRm don't care about contents; nuking C:\Users\wrain\Qsync\RCBC\homework\homework.8\liri-node-app\node_modules\.staging\node-bin-setup-fa89f559\node_modules
193 silly gentlyRm C:\Users\wrain\Qsync\RCBC\homework\homework.8\liri-node-app\node_modules\.staging\node-67c9ca3c\node_modules is being purged
194 verbose gentlyRm don't care about contents; nuking C:\Users\wrain\Qsync\RCBC\homework\homework.8\liri-node-app\node_modules\.staging\node-67c9ca3c\node_modules
195 silly doParallel preinstall 2
196 silly preinstall node-bin-setup@1.0.6 C:\Users\wrain\Qsync\RCBC\homework\homework.8\liri-node-app\node_modules\.staging\node-bin-setup-fa89f559
197 info lifecycle node-bin-setup@1.0.6~preinstall: node-bin-setup@1.0.6
198 silly preinstall node@8.3.0 C:\Users\wrain\Qsync\RCBC\homework\homework.8\liri-node-app\node_modules\.staging\node-67c9ca3c
199 info lifecycle node@8.3.0~preinstall: node@8.3.0
200 silly lifecycle node-bin-setup@1.0.6~preinstall: no script for preinstall, continuing
201 verbose lifecycle node@8.3.0~preinstall: unsafe-perm in lifecycle true
202 verbose lifecycle node@8.3.0~preinstall: PATH: C:\Program Files\nodejs\node_modules\npm\bin\node-gyp-bin;C:\Users\wrain\Qsync\RCBC\homework\homework.8\liri-node-app\node_modules\.staging\node-67c9ca3c\node_modules\.bin;C:\Users\wrain\Qsync\RCBC\homework\homework.8\liri-node-app\node_modules\.bin;C:\Program Files\Git\mingw64\bin;C:\Program Files\Git\usr\bin;C:\Users\wrain\bin;C:\Program Files\Docker\Docker\Resources\bin;C:\Python27;C:\Python27\Scripts;C:\ProgramData\Oracle\Java\javapath;C:\Program Files (x86)\Intel\iCLS Client;C:\Program Files\Intel\iCLS Client;C:\WINDOWS\system32;C:\WINDOWS;C:\WINDOWS\System32\Wbem;C:\WINDOWS\System32\WindowsPowerShell\v1.0;C:\Program Files (x86)\Intel\Intel(R) Management Engine Components\DAL;C:\Program Files\Intel\Intel(R) Management Engine Components\DAL;C:\Program Files (x86)\Intel\Intel(R) Management Engine Components\IPT;C:\Program Files\Intel\Intel(R) Management Engine Components\IPT;C:\Program Files\Git\cmd;C:\Users\wrain\AppData\Roaming\npm;C:\Program Files\nodejs;C:\Program Files\nodejs;C:\Users\wrain\AppData\Local\Microsoft\WindowsApps;C:\Program Files\Heroku\bin;C:\Users\wrain\AppData\Roaming\npm;C:\Program Files\Microsoft VS Code\bin
203 verbose lifecycle node@8.3.0~preinstall: CWD: C:\Users\wrain\Qsync\RCBC\homework\homework.8\liri-node-app\node_modules\.staging\node-67c9ca3c
204 silly lifecycle node@8.3.0~preinstall: Args: [ '/d /s /c', 'node installArchSpecificPackage' ]
205 silly lifecycle node@8.3.0~preinstall: Returned: code: 1  signal: null
206 info lifecycle node@8.3.0~preinstall: Failed to exec preinstall script
207 verbose unlock done using C:\Users\wrain\AppData\Roaming\npm-cache\_locks\staging-f960b290c6f7191b.lock for C:\Users\wrain\Qsync\RCBC\homework\homework.8\liri-node-app\node_modules\.staging
208 silly rollbackFailedOptional Starting
209 silly rollbackFailedOptional Finishing
210 silly runTopLevelLifecycles Finishing
211 silly install printInstalled
212 verbose stack Error: node@8.3.0 preinstall: `node installArchSpecificPackage`
212 verbose stack Exit status 1
212 verbose stack     at EventEmitter.<anonymous> (C:\Program Files\nodejs\node_modules\npm\lib\utils\lifecycle.js:255:16)
212 verbose stack     at emitTwo (events.js:106:13)
212 verbose stack     at EventEmitter.emit (events.js:191:7)
212 verbose stack     at ChildProcess.<anonymous> (C:\Program Files\nodejs\node_modules\npm\lib\utils\spawn.js:40:14)
212 verbose stack     at emitTwo (events.js:106:13)
212 verbose stack     at ChildProcess.emit (events.js:191:7)
212 verbose stack     at maybeClose (internal/child_process.js:920:16)
212 verbose stack     at Process.ChildProcess._handle.onexit (internal/child_process.js:230:5)
213 verbose pkgid node@8.3.0
214 verbose cwd C:\Users\wrain\Qsync\RCBC\homework\homework.8\liri-node-app
215 error Windows_NT 10.0.16294
216 error argv "C:\\Program Files\\nodejs\\node.exe" "C:\\Program Files\\nodejs\\node_modules\\npm\\bin\\npm-cli.js" "install" "node"
217 error node v6.11.3
218 error npm  v3.10.10
219 error code ELIFECYCLE
220 error node@8.3.0 preinstall: `node installArchSpecificPackage`
220 error Exit status 1
221 error Failed at the node@8.3.0 preinstall script 'node installArchSpecificPackage'.
221 error Make sure you have the latest version of node.js and npm installed.
221 error If you do, this is most likely a problem with the node package,
221 error not with npm itself.
221 error Tell the author that this fails on your system:
221 error     node installArchSpecificPackage
221 error You can get information on how to open an issue for this project with:
221 error     npm bugs node
221 error Or if that isn't available, you can get their info via:
221 error     npm owner ls node
221 error There is likely additional logging output above.
222 verbose exit [ 1, true ]
